[  503322ms] [ERROR] Access to fetch at 'http://astrodb.lan:8000/api/stats' from origin 'http://astrodb.lan:3000' has been blocked by CORS policy: No 'Access-Control-Allow-Origin' header is present on the requested resource. @ http://astrodb.lan:3000/admin:0
[  503322ms] [ERROR] Failed to load resource: net::ERR_FAILED @ http://astrodb.lan:8000/api/stats:0
[  503325ms] TypeError: Failed to fetch
    at Y (http://astrodb.lan:3000/assets/index-CYczs76L.js:1:34288)
    at Object.getStats (http://astrodb.lan:3000/assets/index-CYczs76L.js:1:35143)
    at http://astrodb.lan:3000/assets/index-CYczs76L.js:1:53753
    at http://astrodb.lan:3000/assets/index-CYczs76L.js:1:2639
    at q (http://astrodb.lan:3000/assets/index-CYczs76L.js:1:3321)
    at N (http://astrodb.lan:3000/assets/index-CYczs76L.js:1:2621)
    at Ee (http://astrodb.lan:3000/assets/index-CYczs76L.js:1:3211)
    at http://astrodb.lan:3000/assets/index-CYczs76L.js:1:53744
[  573895ms] [ERROR] Failed to load resource: net::ERR_CONNECTION_REFUSED @ http://astrodb.lan:8000/api/scan/status:0
[  573896ms] [ERROR] Failed to load resource: net::ERR_CONNECTION_REFUSED @ http://astrodb.lan:8000/api/scan/status:0
[  573896ms] [ERROR] Failed to load resource: net::ERR_CONNECTION_REFUSED @ http://astrodb.lan:8000/api/scan/status:0
[  573896ms] [ERROR] Failed to load resource: net::ERR_CONNECTION_REFUSED @ http://astrodb.lan:8000/api/scan/status:0
[  573896ms] [ERROR] Failed to load resource: net::ERR_CONNECTION_REFUSED @ http://astrodb.lan:8000/api/scan/status:0
[  573896ms] [ERROR] Failed to load resource: net::ERR_CONNECTION_REFUSED @ http://astrodb.lan:8000/api/scan/status:0
[  575951ms] [ERROR] Failed to load resource: net::ERR_CONNECTION_REFUSED @ http://astrodb.lan:8000/api/scan/status:0
[  575951ms] [ERROR] Failed to load resource: net::ERR_CONNECTION_REFUSED @ http://astrodb.lan:8000/api/scan/status:0
[  575951ms] [ERROR] Failed to load resource: net::ERR_CONNECTION_REFUSED @ http://astrodb.lan:8000/api/scan/status:0
[  575951ms] [ERROR] Failed to load resource: net::ERR_CONNECTION_REFUSED @ http://astrodb.lan:8000/api/scan/status:0
[  575952ms] [ERROR] Failed to load resource: net::ERR_CONNECTION_REFUSED @ http://astrodb.lan:8000/api/scan/status:0
[  575952ms] [ERROR] Failed to load resource: net::ERR_CONNECTION_REFUSED @ http://astrodb.lan:8000/api/scan/status:0
